// Jest Snapshot v1, https://goo.gl/fbAQLP

exports[`TagsContainer should match snapshot 1`] = `
<div
  className="app"
>
  <div
    className="container"
  >
    <nav
      className="navbar navbar-expand navbar-light"
    >
      <a
        className="navbar-brand"
        href="/"
      >
        Tomatodone
      </a>
      <button
        aria-controls="basic-navbar-nav"
        aria-label="Toggle navigation"
        className="navbar-toggler collapsed"
        onClick={[Function]}
        type="button"
      >
        <span
          className="navbar-toggler-icon"
        />
      </button>
      <div
        aria-expanded={null}
        className="navbar-collapse collapse"
        id="basic-navbar-nav"
      >
        <div
          className="mr-auto navbar-nav"
          onKeyDown={[Function]}
        >
          <a
            className="button--login nav-link"
            data-rb-event-key={null}
            href="#"
            onClick={[Function]}
            onKeyDown={[Function]}
            role="button"
          >
            Login
          </a>
          <a
            className="button--register nav-link"
            data-rb-event-key={null}
            href="#"
            onClick={[Function]}
            onKeyDown={[Function]}
            role="button"
          >
            Register
          </a>
          <a
            className="nav-link"
            data-rb-event-key="/about"
            href="/about"
            onClick={[Function]}
            onKeyDown={[Function]}
          >
            About
          </a>
        </div>
      </div>
    </nav>
    <div
      className="align-items-center d-flex flex-column bg-dark jumbotron"
    >
      <div
        className="d-flex justify-content-around w-100"
      >
        <button
          className="btn btn-primary"
          disabled={false}
          onClick={[Function]}
          type="button"
        >
          Pomodoro
        </button>
        <button
          className="btn btn-primary"
          disabled={false}
          onClick={[Function]}
          type="button"
        >
          Short Break
        </button>
        <button
          className="btn btn-primary"
          disabled={false}
          onClick={[Function]}
          type="button"
        >
          Long Break
        </button>
      </div>
      <p
        className="time text-light d-flex align-items-center"
      >
        41:40
      </p>
      <button
        className="btn--pause btn btn-outline-primary"
        disabled={false}
        onClick={[Function]}
        type="button"
      >
        Pause timer
      </button>
      <div
        className="info mt-4"
      >
        <div
          className="text-danger text-center"
        >
          <span>
            Please login to save pomodoros
          </span>
        </div>
      </div>
      <div
        className="error"
      >
        <span>
          Error while trying to synchronize
        </span>
      </div>
    </div>
  </div>
</div>
`;
