// Jest Snapshot v1, https://goo.gl/fbAQLP

exports[`StatsComponent Should match snapshot 1`] = `
<div
  className="stats"
>
  <div
    className="stats__navigation navigation"
  >
    <button
      className="navigation__button"
      onClick={[Function]}
    >
      &lt; prev
    </button>
    <button
      className="navigation__button"
      disabled={true}
      onClick={[Function]}
    >
      next &gt;
    </button>
  </div>
  <ForwardRef
    className="stats__table table"
  >
    <caption>
      Results from: 
      2
      .
      2021
    </caption>
    <thead
      className="table__head"
    >
      <tr>
        <th>
          Date
        </th>
        <th>
          Number of pomodoros
        </th>
      </tr>
    </thead>
    <tbody>
      <tr
        key="0"
      >
        <td
          className="table__date"
        >
          21-02-2021
        </td>
        <td
          className="table__count"
        >
          8
        </td>
      </tr>
      <tr
        key="1"
      >
        <td
          className="table__date"
        >
          20-02-2021
        </td>
        <td
          className="table__count"
        >
          15
        </td>
      </tr>
      <tr
        key="2"
      >
        <td
          className="table__date"
        >
          19-02-2021
        </td>
        <td
          className="table__count"
        >
          16
        </td>
      </tr>
      <tr
        key="3"
      >
        <td
          className="table__date"
        >
          18-02-2021
        </td>
        <td
          className="table__count"
        >
          19
        </td>
      </tr>
      <tr
        key="4"
      >
        <td
          className="table__date"
        >
          17-02-2021
        </td>
        <td
          className="table__count"
        >
          18
        </td>
      </tr>
      <tr
        key="5"
      >
        <td
          className="table__date"
        >
          16-02-2021
        </td>
        <td
          className="table__count"
        >
          11
        </td>
      </tr>
      <tr
        key="6"
      >
        <td
          className="table__date"
        >
          15-02-2021
        </td>
        <td
          className="table__count"
        >
          16
        </td>
      </tr>
      <tr
        key="7"
      >
        <td
          className="table__date"
        >
          14-02-2021
        </td>
        <td
          className="table__count"
        >
          13
        </td>
      </tr>
      <tr
        key="8"
      >
        <td
          className="table__date"
        >
          13-02-2021
        </td>
        <td
          className="table__count"
        >
          14
        </td>
      </tr>
      <tr
        key="9"
      >
        <td
          className="table__date"
        >
          12-02-2021
        </td>
        <td
          className="table__count"
        >
          9
        </td>
      </tr>
      <tr
        key="10"
      >
        <td
          className="table__date"
        >
          11-02-2021
        </td>
        <td
          className="table__count"
        >
          11
        </td>
      </tr>
      <tr
        key="11"
      >
        <td
          className="table__date"
        >
          10-02-2021
        </td>
        <td
          className="table__count"
        >
          13
        </td>
      </tr>
      <tr
        key="12"
      >
        <td
          className="table__date"
        >
          09-02-2021
        </td>
        <td
          className="table__count"
        >
          13
        </td>
      </tr>
      <tr
        key="13"
      >
        <td
          className="table__date"
        >
          08-02-2021
        </td>
        <td
          className="table__count"
        >
          18
        </td>
      </tr>
      <tr
        key="14"
      >
        <td
          className="table__date"
        >
          07-02-2021
        </td>
        <td
          className="table__count"
        >
          14
        </td>
      </tr>
      <tr
        key="15"
      >
        <td
          className="table__date"
        >
          06-02-2021
        </td>
        <td
          className="table__count"
        >
          16
        </td>
      </tr>
      <tr
        key="16"
      >
        <td
          className="table__date"
        >
          05-02-2021
        </td>
        <td
          className="table__count"
        >
          13
        </td>
      </tr>
      <tr
        key="17"
      >
        <td
          className="table__date"
        >
          04-02-2021
        </td>
        <td
          className="table__count"
        >
          12
        </td>
      </tr>
      <tr
        key="18"
      >
        <td
          className="table__date"
        >
          03-02-2021
        </td>
        <td
          className="table__count"
        >
          16
        </td>
      </tr>
      <tr
        key="19"
      >
        <td
          className="table__date"
        >
          02-02-2021
        </td>
        <td
          className="table__count"
        >
          15
        </td>
      </tr>
      <tr
        key="20"
      >
        <td
          className="table__date"
        >
          01-02-2021
        </td>
        <td
          className="table__count"
        >
          17
        </td>
      </tr>
    </tbody>
  </ForwardRef>
</div>
`;
