// Jest Snapshot v1, https://goo.gl/fbAQLP

exports[`CardComponent should match snapshot 1`] = `
<form
  onSubmit={[Function]}
>
  <Accordion>
    <Card
      body={false}
    >
      <CardHeader>
        <Container
          fluid={false}
        >
          <Row
            className="align-items-center"
            noGutters={false}
          >
            <Col
              md={1}
            >
              <FormCheck
                inline={true}
                name="isDone"
                type="checkbox"
              />
            </Col>
            <Col
              md={7}
            >
              <span
                className="card__editable "
                contentEditable={true}
                onInput={[Function]}
                suppressContentEditableWarning={true}
              >
                hello world
              </span>
            </Col>
            <Col
              md={2}
            >
              <Badge
                pill={true}
                variant="primary"
              >
                Tue Jan 12
              </Badge>
            </Col>
            <Col
              md={1}
            >
              <ForwardRef
                as={
                  Object {
                    "$$typeof": Symbol(react.forward_ref),
                    "defaultProps": Object {
                      "active": false,
                      "disabled": false,
                      "variant": "primary",
                    },
                    "render": [Function],
                  }
                }
                eventKey="0"
                variant="link"
              >
                exp
              </ForwardRef>
            </Col>
            <Col
              md={1}
            >
              <Button
                active={false}
                disabled={false}
                type="submit"
                variant="success"
              >
                Save
              </Button>
            </Col>
          </Row>
        </Container>
      </CardHeader>
      <AccordionCollapse
        eventKey="0"
      >
        <CardBody>
          <div
            className="content__editable"
            contentEditable={true}
            onInput={[Function]}
            suppressContentEditableWarning={true}
          >
            lorem ipsum dolor
          </div>
          <div />
          <hr />
          <Button
            active={false}
            disabled={false}
            onClick={[Function]}
            variant="primary"
          >
            Add subtask
          </Button>
          <hr />
          <Button
            active={false}
            className="mr-2"
            disabled={false}
            variant="danger"
          >
            Cancel
          </Button>
          <Button
            active={false}
            disabled={false}
            type="submit"
            variant="success"
          >
            Save
          </Button>
        </CardBody>
      </AccordionCollapse>
    </Card>
  </Accordion>
</form>
`;
