// Jest Snapshot v1, https://goo.gl/fbAQLP

exports[`SettingsComponent Should match snapshot 1`] = `
<Container
  fluid={false}
>
  <h2>
    Settings
  </h2>
  <Form
    inline={false}
  >
    <FormGroup
      controlId="formBasicCheckbox"
    >
      <FormCheck
        label="Enable sounds"
        type="checkbox"
      />
    </FormGroup>
    <Button
      active={false}
      disabled={false}
      type="submit"
      variant="primary"
    >
      Submit
    </Button>
  </Form>
</Container>
`;
