// Jest Snapshot v1, https://goo.gl/fbAQLP

exports[`StatsTable Should match snapshot 1`] = `
<ForwardRef
  className="stats__table table"
>
  <caption>
    Results from: 
    12
    .
    2020
  </caption>
  <thead
    className="table__head"
  >
    <tr>
      <th>
        Day
      </th>
      <th>
        Number of pomodoros
      </th>
    </tr>
  </thead>
  <tbody>
    <tr
      key="0"
    >
      <td
        className="table__date"
      >
        1
      </td>
      <td
        className="table__count"
      />
    </tr>
    <tr
      key="1"
    >
      <td
        className="table__date"
      >
        2
      </td>
      <td
        className="table__count"
      >
        9
      </td>
    </tr>
    <tr
      key="2"
    >
      <td
        className="table__date"
      >
        3
      </td>
      <td
        className="table__count"
      />
    </tr>
    <tr
      key="3"
    >
      <td
        className="table__date"
      >
        4
      </td>
      <td
        className="table__count"
      />
    </tr>
    <tr
      key="4"
    >
      <td
        className="table__date"
      >
        5
      </td>
      <td
        className="table__count"
      />
    </tr>
    <tr
      key="5"
    >
      <td
        className="table__date"
      >
        6
      </td>
      <td
        className="table__count"
      />
    </tr>
    <tr
      key="6"
    >
      <td
        className="table__date"
      >
        7
      </td>
      <td
        className="table__count"
      />
    </tr>
    <tr
      key="7"
    >
      <td
        className="table__date"
      >
        8
      </td>
      <td
        className="table__count"
      />
    </tr>
    <tr
      key="8"
    >
      <td
        className="table__date"
      >
        9
      </td>
      <td
        className="table__count"
      />
    </tr>
    <tr
      key="9"
    >
      <td
        className="table__date"
      >
        10
      </td>
      <td
        className="table__count"
      />
    </tr>
    <tr
      key="10"
    >
      <td
        className="table__date"
      >
        11
      </td>
      <td
        className="table__count"
      />
    </tr>
    <tr
      key="11"
    >
      <td
        className="table__date"
      >
        12
      </td>
      <td
        className="table__count"
      />
    </tr>
    <tr
      key="12"
    >
      <td
        className="table__date"
      >
        13
      </td>
      <td
        className="table__count"
      />
    </tr>
    <tr
      key="13"
    >
      <td
        className="table__date"
      >
        14
      </td>
      <td
        className="table__count"
      />
    </tr>
    <tr
      key="14"
    >
      <td
        className="table__date"
      >
        15
      </td>
      <td
        className="table__count"
      />
    </tr>
    <tr
      key="15"
    >
      <td
        className="table__date"
      >
        16
      </td>
      <td
        className="table__count"
      />
    </tr>
    <tr
      key="16"
    >
      <td
        className="table__date"
      >
        17
      </td>
      <td
        className="table__count"
      />
    </tr>
    <tr
      key="17"
    >
      <td
        className="table__date"
      >
        18
      </td>
      <td
        className="table__count"
      />
    </tr>
    <tr
      key="18"
    >
      <td
        className="table__date"
      >
        19
      </td>
      <td
        className="table__count"
      />
    </tr>
    <tr
      key="19"
    >
      <td
        className="table__date"
      >
        20
      </td>
      <td
        className="table__count"
      />
    </tr>
    <tr
      key="20"
    >
      <td
        className="table__date"
      >
        21
      </td>
      <td
        className="table__count"
      />
    </tr>
    <tr
      key="21"
    >
      <td
        className="table__date"
      >
        22
      </td>
      <td
        className="table__count"
      />
    </tr>
    <tr
      key="22"
    >
      <td
        className="table__date"
      >
        23
      </td>
      <td
        className="table__count"
      />
    </tr>
    <tr
      key="23"
    >
      <td
        className="table__date"
      >
        24
      </td>
      <td
        className="table__count"
      />
    </tr>
    <tr
      key="24"
    >
      <td
        className="table__date"
      >
        25
      </td>
      <td
        className="table__count"
      />
    </tr>
    <tr
      key="25"
    >
      <td
        className="table__date"
      >
        26
      </td>
      <td
        className="table__count"
      />
    </tr>
    <tr
      key="26"
    >
      <td
        className="table__date"
      >
        27
      </td>
      <td
        className="table__count"
      />
    </tr>
    <tr
      key="27"
    >
      <td
        className="table__date"
      >
        28
      </td>
      <td
        className="table__count"
      />
    </tr>
    <tr
      key="28"
    >
      <td
        className="table__date"
      >
        29
      </td>
      <td
        className="table__count"
      />
    </tr>
    <tr
      key="29"
    >
      <td
        className="table__date"
      >
        30
      </td>
      <td
        className="table__count"
      />
    </tr>
    <tr
      key="30"
    >
      <td
        className="table__date"
      >
        31
      </td>
      <td
        className="table__count"
      />
    </tr>
  </tbody>
</ForwardRef>
`;
